[english.jsalfa.com.ar/index.html]
[english.jsalfa.com.ar/favicon.ico]
[pagead2.googlesyndication.com/pagead/js/fed9e.txt]
[english.jsalfa.com.ar/uv/uv.bundle.js]
[english.jsalfa.com.ar/uv/uv.config.js]
[english.jsalfa.com.ar/register-sw.js]
[backblue.gif]
[fade.gif]
[index.html]
[english.jsalfa.com.ar/_app/immutable/assets/0.162becc3.css]
[english.jsalfa.com.ar/logo.png]
[english.jsalfa.com.ar/links.html]
[english.jsalfa.com.ar/apps.html]
[english.jsalfa.com.ar/games.html]
[english.jsalfa.com.ar/login.html]
[english.jsalfa.com.ar/settings.html]
[english.jsalfa.com.ar/apps/discord.html]
[english.jsalfa.com.ar/cdn/app/img/discord.png]
[english.jsalfa.com.ar/apps/duckduckgo.html]
[english.jsalfa.com.ar/cdn/app/img/duckduckgo.png]
[english.jsalfa.com.ar/apps/geforce-now.html]
[english.jsalfa.com.ar/cdn/app/img/geforce-now.png]
[english.jsalfa.com.ar/apps/google.html]
[english.jsalfa.com.ar/cdn/app/img/google.png]
[english.jsalfa.com.ar/apps/mathway.html]
[english.jsalfa.com.ar/cdn/app/img/mathway.png]
[english.jsalfa.com.ar/apps/reddit.html]
[english.jsalfa.com.ar/cdn/app/img/reddit.png]
[english.jsalfa.com.ar/apps/spotify.html]
[english.jsalfa.com.ar/cdn/app/img/spotify.png]
[english.jsalfa.com.ar/apps/tiktok.html]
[english.jsalfa.com.ar/cdn/app/img/tiktok.png]
[english.jsalfa.com.ar/apps/youtube.html]
[english.jsalfa.com.ar/cdn/app/img/youtube.png]
[english.jsalfa.com.ar/games5e01.html]
[english.jsalfa.com.ar/games/1v1-lol.html]
[english.jsalfa.com.ar/cdn/game/img/1v1-lol.png]
[english.jsalfa.com.ar/games/age-of-war.html]
[english.jsalfa.com.ar/cdn/game/img/age-of-war.png]
[english.jsalfa.com.ar/games/basketball-stars.html]
[english.jsalfa.com.ar/cdn/game/img/basketball-stars.png]
[english.jsalfa.com.ar/games/basket-random.html]
[english.jsalfa.com.ar/cdn/game/img/basket-random.png]
[english.jsalfa.com.ar/games/battle-boats.html]
[english.jsalfa.com.ar/cdn/game/img/battle-boats.png]
[english.jsalfa.com.ar/games/bike-mania.html]
[english.jsalfa.com.ar/cdn/game/img/bike-mania.png]
[english.jsalfa.com.ar/games/bloons-td2.html]
[english.jsalfa.com.ar/cdn/game/img/bloons-td2.webp]
[english.jsalfa.com.ar/games/bonk.html]
[english.jsalfa.com.ar/cdn/game/img/bonk.png]
[english.jsalfa.com.ar/games/buildroyale.html]
[english.jsalfa.com.ar/cdn/game/img/buildroyale.png]
[english.jsalfa.com.ar/games/cat-ninja.html]
[english.jsalfa.com.ar/cdn/game/img/cat-ninja.png]
[english.jsalfa.com.ar/games/coloron.html]
[english.jsalfa.com.ar/cdn/game/img/coloron.png]
[english.jsalfa.com.ar/games/combines.html]
[english.jsalfa.com.ar/cdn/game/img/combines.png]
[english.jsalfa.com.ar/games/dadish.html]
[english.jsalfa.com.ar/cdn/game/img/dadish.png]
[english.jsalfa.com.ar/cdn/game/img/dadish-2.png]
[english.jsalfa.com.ar/games/dadish-2.html]
[english.jsalfa.com.ar/games/diep.html]
[english.jsalfa.com.ar/cdn/game/img/diep.png]
[english.jsalfa.com.ar/games/fireboy-and-watergirl-forest-temple.html]
[english.jsalfa.com.ar/cdn/game/img/fireboy-and-watergirl-forest-temple.png]
[english.jsalfa.com.ar/games/fnaf.html]
[english.jsalfa.com.ar/cdn/game/img/fnaf.png]
[english.jsalfa.com.ar/games/fnaf2.html]
[english.jsalfa.com.ar/cdn/game/img/Fnf.avif]
[english.jsalfa.com.ar/games/fnaf3.html]
[english.jsalfa.com.ar/cdn/game/img/fnaf3.avif]
[english.jsalfa.com.ar/games/fnaf4.html]
[english.jsalfa.com.ar/cdn/game/img/fnaf4.avif]
[english.jsalfa.com.ar/games/fnafsisterlocation.html]
[english.jsalfa.com.ar/cdn/game/img/sisterloco.avif]
[english.jsalfa.com.ar/games/fnafworld.html]
[english.jsalfa.com.ar/cdn/game/img/fnafworld.avif]
[english.jsalfa.com.ar/games/fortnite.html]
[english.jsalfa.com.ar/cdn/game/img/fortnite.png]
[english.jsalfa.com.ar/games/geometry-dash.html]
[english.jsalfa.com.ar/cdn/game/img/geometry-dash.png]
[english.jsalfa.com.ar/games/giant-hamster-run.html]
[english.jsalfa.com.ar/cdn/game/img/giant-hamster-run.png]
[english.jsalfa.com.ar/games/gun-mayhem-2.html]
[english.jsalfa.com.ar/cdn/game/img/gun-mayhem-2.png]
[english.jsalfa.com.ar/games/jetpack-joyride.html]
[english.jsalfa.com.ar/cdn/game/img/jetpack-joyride.png]
[english.jsalfa.com.ar/games/kirka.html]
[english.jsalfa.com.ar/cdn/game/img/kirka.png]
[english.jsalfa.com.ar/games/krew.html]
[english.jsalfa.com.ar/cdn/game/img/krew.jpg]
[english.jsalfa.com.ar/games/krunker.html]
[english.jsalfa.com.ar/cdn/game/img/krunker.png]
[english.jsalfa.com.ar/games/moto-x3m.html]
[english.jsalfa.com.ar/cdn/game/img/moto-x3m.png]
[english.jsalfa.com.ar/games/people-playground.html]
[english.jsalfa.com.ar/cdn/game/img/people-playground.png]
[english.jsalfa.com.ar/games/pizza-tower.html]
[english.jsalfa.com.ar/cdn/game/img/pizza-tower.jpg]
[english.jsalfa.com.ar/games/pokemon-stadium-2.html]
[english.jsalfa.com.ar/cdn/game/img/pokemon-stadium-2.png]
[english.jsalfa.com.ar/games/repuls.html]
[english.jsalfa.com.ar/cdn/game/img/repuls.png]
[english.jsalfa.com.ar/games/rooftop-snipers.html]
[english.jsalfa.com.ar/cdn/game/img/rooftop-snipers.png]
[english.jsalfa.com.ar/games/run-3.html]
[english.jsalfa.com.ar/cdn/game/img/run-3.png]
[english.jsalfa.com.ar/games/slope.html]
[english.jsalfa.com.ar/cdn/game/img/slope.png]
[english.jsalfa.com.ar/games/slope-2.html]
[english.jsalfa.com.ar/cdn/game/img/slope-2.png]
[english.jsalfa.com.ar/games/sonic-1.html]
[english.jsalfa.com.ar/cdn/game/img/sonic-1.png]
[english.jsalfa.com.ar/games/sonic-original.html]
[english.jsalfa.com.ar/cdn/game/img/sonic-original.png]
[english.jsalfa.com.ar/games/subway-surfers.html]
[english.jsalfa.com.ar/cdn/game/img/subway-surfers.png]
[english.jsalfa.com.ar/games/super-mario-64.html]
[english.jsalfa.com.ar/cdn/game/img/super-mario-64.png]
[english.jsalfa.com.ar/games/tanuki-sunset.html]
[english.jsalfa.com.ar/cdn/game/img/tanukisunset.jpg]
[english.jsalfa.com.ar/games/tf2.html]
[english.jsalfa.com.ar/cdn/game/img/tf2.png]
[english.jsalfa.com.ar/games/temple-run-2.html]
[english.jsalfa.com.ar/cdn/game/img/temple-run-2.png]
[english.jsalfa.com.ar/games/tube-jumpers.html]
[english.jsalfa.com.ar/cdn/game/img/tube-jumpers.png]
[english.jsalfa.com.ar/games/vex-3.html]
[english.jsalfa.com.ar/cdn/game/img/vex-3.png]
[english.jsalfa.com.ar/games/vex-4.html]
[english.jsalfa.com.ar/cdn/game/img/vex-4.png]
[english.jsalfa.com.ar/games/vex-5.html]
[english.jsalfa.com.ar/cdn/game/img/vex-5.png]
[english.jsalfa.com.ar/games/wings.html]
[english.jsalfa.com.ar/cdn/game/img/wings.png]
[english.jsalfa.com.ar/games/zombs-royale.html]
[english.jsalfa.com.ar/cdn/game/img/zombs-royale.jpg]
[english.jsalfa.com.ar/gamesfbeb.html]
[english.jsalfa.com.ar/games/a-dark-room.html]
[english.jsalfa.com.ar/cdn/game/img/a-dark-room.png]
[english.jsalfa.com.ar/games/crossy-road.html]
[english.jsalfa.com.ar/cdn/game/img/crossy-road.png]
[english.jsalfa.com.ar/games/donut-boy.html]
[english.jsalfa.com.ar/cdn/game/img/donut-boy.png]
[english.jsalfa.com.ar/games/doodle-jump.html]
[english.jsalfa.com.ar/cdn/game/img/doodle-jump.png]
[english.jsalfa.com.ar/games/ducklife1.html]
[english.jsalfa.com.ar/cdn/game/img/ducklife1.png]
[english.jsalfa.com.ar/games/ducklife2.html]
[english.jsalfa.com.ar/cdn/game/img/ducklife2.png]
[english.jsalfa.com.ar/games/ducklife3-evolution.html]
[english.jsalfa.com.ar/cdn/game/img/ducklife3-evolution.png]
[english.jsalfa.com.ar/games/ducklife4.html]
[english.jsalfa.com.ar/cdn/game/img/ducklife4.png]
[english.jsalfa.com.ar/games/feedvid-live.html]
[english.jsalfa.com.ar/cdn/game/img/feedvid-live.png]
[english.jsalfa.com.ar/games/mope.html]
[english.jsalfa.com.ar/cdn/game/img/mope.png]
[english.jsalfa.com.ar/games/portal.html]
[english.jsalfa.com.ar/cdn/game/img/portal.jpg]
[english.jsalfa.com.ar/games/portal-2.html]
[english.jsalfa.com.ar/cdn/game/img/portal-2.jpg]
[english.jsalfa.com.ar/games/riddle-school.html]
[english.jsalfa.com.ar/cdn/game/img/riddle-school.png]
[english.jsalfa.com.ar/games/riddle-school-2.html]
[english.jsalfa.com.ar/cdn/game/img/riddle-school-2.png]
[english.jsalfa.com.ar/games/riddle-school-3.html]
[english.jsalfa.com.ar/cdn/game/img/riddle-school-3.png]
[english.jsalfa.com.ar/games/riddle-school-4.html]
[english.jsalfa.com.ar/cdn/game/img/riddle-school-4.png]
[english.jsalfa.com.ar/games/riddle-school-5.html]
[english.jsalfa.com.ar/cdn/game/img/riddle-school-5.png]
[english.jsalfa.com.ar/games/chroma.html]
[english.jsalfa.com.ar/cdn/game/img/chroma.png]
[english.jsalfa.com.ar/gamesd5ca.html]
[english.jsalfa.com.ar/games/2048.html]
[english.jsalfa.com.ar/cdn/game/img/2048.png]
[english.jsalfa.com.ar/games/agar.html]
[english.jsalfa.com.ar/cdn/game/img/agar.png]
[english.jsalfa.com.ar/games/bloxorz.html]
[english.jsalfa.com.ar/cdn/game/img/bloxorz.png]
[english.jsalfa.com.ar/games/bow-man.html]
[english.jsalfa.com.ar/cdn/game/img/bow-man.png]
[english.jsalfa.com.ar/cdn/game/img/chess.png]
[english.jsalfa.com.ar/games/chess.html]
[english.jsalfa.com.ar/games/dinogame.html]
[english.jsalfa.com.ar/cdn/game/img/dinogame.png]
[english.jsalfa.com.ar/games/college-2048.html]
[english.jsalfa.com.ar/cdn/game/img/college2048.png]
[english.jsalfa.com.ar/games/connect-4.html]
[english.jsalfa.com.ar/cdn/game/img/connect4.jpg]
[english.jsalfa.com.ar/games/gameoflife.html]
[english.jsalfa.com.ar/cdn/game/img/gameoflife.png]
[english.jsalfa.com.ar/cdn/game/img/cookie-clicker.png]
[english.jsalfa.com.ar/games/core-ball.html]
[english.jsalfa.com.ar/games/cookie-clicker.html]
[english.jsalfa.com.ar/cdn/game/img/core-ball.png]
[english.jsalfa.com.ar/games/cupcake-2048.html]
[english.jsalfa.com.ar/cdn/game/img/2048cupcake.jpg]
[english.jsalfa.com.ar/games/elastic-man.html]
[english.jsalfa.com.ar/cdn/game/img/elasticman.jpg]
[english.jsalfa.com.ar/games/frogger.html]
[english.jsalfa.com.ar/cdn/game/img/frogger.png]
[english.jsalfa.com.ar/games/fruit-ninja.html]
[english.jsalfa.com.ar/cdn/game/img/fruit-ninja.png]
[english.jsalfa.com.ar/games/idle-breakout.html]
[english.jsalfa.com.ar/cdn/game/img/idle-breakout.png]
[english.jsalfa.com.ar/games/jklm.html]
[english.jsalfa.com.ar/cdn/game/img/jklm.png]
[english.jsalfa.com.ar/games/learn-to-fly.html]
[english.jsalfa.com.ar/cdn/game/img/learn-to-fly.png]
[english.jsalfa.com.ar/cdn/game/img/ovo.png]
[english.jsalfa.com.ar/games/ovo.html]
[english.jsalfa.com.ar/games/papas-pizzeria.html]
[english.jsalfa.com.ar/cdn/game/img/papas-pizzeria.jpg]
[english.jsalfa.com.ar/games/retro-bowl.html]
[english.jsalfa.com.ar/cdn/game/img/retro-bowl.png]
[english.jsalfa.com.ar/games/soccer-random.html]
[english.jsalfa.com.ar/cdn/game/img/soccer-random.png]
[english.jsalfa.com.ar/games/solitaire.html]
[english.jsalfa.com.ar/cdn/game/img/solitaire.png]
[english.jsalfa.com.ar/games/stack.html]
[english.jsalfa.com.ar/cdn/game/img/stack.png]
[english.jsalfa.com.ar/games/swing-monkey.html]
[english.jsalfa.com.ar/cdn/game/img/swing-monkey.png]
[english.jsalfa.com.ar/games/tetris.html]
[english.jsalfa.com.ar/cdn/game/img/tetris.png]
[english.jsalfa.com.ar/games/there-is-no-game.html]
[english.jsalfa.com.ar/cdn/game/img/there-is-no-game.png]
[english.jsalfa.com.ar/games/tiny-fishing.html]
[english.jsalfa.com.ar/cdn/game/img/tiny-fishing.png]
[english.jsalfa.com.ar/games/typing-test.html]
[english.jsalfa.com.ar/cdn/game/img/typing-test.png]
[english.jsalfa.com.ar/games/universal-paperclips.html]
[english.jsalfa.com.ar/cdn/game/img/universal-paperclips.png]
[english.jsalfa.com.ar/cdn/game/img/wordle.png]
[english.jsalfa.com.ar/games/wordle.html]
[english.jsalfa.com.ar/games9b8e.html]
[english.jsalfa.com.ar/games/ball-dodge.html]
[english.jsalfa.com.ar/cdn/game/img/ball-dodge.png]
[english.jsalfa.com.ar/games/factory-balls.html]
[english.jsalfa.com.ar/cdn/game/img/factoryballs.jpg]
[english.jsalfa.com.ar/games/fnf-vs-ex.html]
[english.jsalfa.com.ar/cdn/game/img/fnf-vs-ex.png]
[english.jsalfa.com.ar/games/impossible-quiz.html]
[english.jsalfa.com.ar/cdn/game/img/impossible-quiz.png]
[english.jsalfa.com.ar/games/packabunchas.html]
[english.jsalfa.com.ar/cdn/game/img/packabunchas.png]
[english.jsalfa.com.ar/games/sparebeat.html]
[english.jsalfa.com.ar/cdn/game/img/sparebeat.png]
[english.jsalfa.com.ar/games/worlds-hardest-game.html]
[english.jsalfa.com.ar/cdn/game/img/worlds-hardest-game.png]
[english.jsalfa.com.ar/games/xx142-b2exe.html]
[english.jsalfa.com.ar/cdn/game/img/xx142-b2exe.png]
[english.jsalfa.com.ar/gamescd2b.html]
[english.jsalfa.com.ar/games2b6e.html]
[english.jsalfa.com.ar/games/crazy-taxi.html]
[english.jsalfa.com.ar/cdn/game/img/crazy-taxi.png]
[english.jsalfa.com.ar/games/drift-hunters.html]
[english.jsalfa.com.ar/cdn/game/img/drift-hunters.png]
[english.jsalfa.com.ar/games23c8.html]
[english.jsalfa.com.ar/cdn/game/img/bitlife.png]
[english.jsalfa.com.ar/games8ec7.html]
[english.jsalfa.com.ar/games/bitlife.html]
[english.jsalfa.com.ar/games/kopanito-all-stars-soccer.html]
[english.jsalfa.com.ar/cdn/game/img/kopanito-all-stars-soccer.png]
[english.jsalfa.com.ar/gamesc48c.html]
[english.jsalfa.com.ar/gamesabab.html]
[english.jsalfa.com.ar/games/a-dance-of-fire-and-ice.html]
[english.jsalfa.com.ar/cdn/game/img/a-dance-of-fire-and-ice.png]
[english.jsalfa.com.ar/games/breaklock.html]
[english.jsalfa.com.ar/cdn/game/img/breaklock.png]
[english.jsalfa.com.ar/cdn/game/img/cubefield.png]
[english.jsalfa.com.ar/games/cubefield.html]
[english.jsalfa.com.ar/search.html]
[english.jsalfa.com.ar/about.html]
[english.jsalfa.com.ar/legal/terms-of-service.html]
[english.jsalfa.com.ar/legal/privacy-policy.html]
[english.jsalfa.com.ar/_app/immutable/entry/start.1f994c1f.js]
[english.jsalfa.com.ar/legal/dmca.html]
[english.jsalfa.com.ar/index.html]
[english.jsalfa.com.ar/_app/immutable/assets/0.162becc3.css]
[english.jsalfa.com.ar/links.html]
[english.jsalfa.com.ar/_app/immutable/entry/app.4a35de9c.js]
[english.jsalfa.com.ar/games/geforce-now.html]
[english.jsalfa.com.ar/cdn/game/img/geforce-now.png]
[english.jsalfa.com.ar/games.html]
[english.jsalfa.com.ar/apps.html]
[english.jsalfa.com.ar/login.html]
[english.jsalfa.com.ar/settings.html]
[english.jsalfa.com.ar/signup.html]
[english.jsalfa.com.ar/uv.js]
[english.jsalfa.com.ar/apps/discord.html]
[english.jsalfa.com.ar/apps/duckduckgo.html]
[english.jsalfa.com.ar/apps/geforce-now.html]
[english.jsalfa.com.ar/apps/google.html]
[english.jsalfa.com.ar/apps/mathway.html]
[english.jsalfa.com.ar/apps/reddit.html]
[english.jsalfa.com.ar/apps/spotify.html]
[english.jsalfa.com.ar/apps/tiktok.html]
[english.jsalfa.com.ar/apps/youtube.html]
[english.jsalfa.com.ar/games5e01.html]
[english.jsalfa.com.ar/games/1v1-lol.html]
[english.jsalfa.com.ar/games/age-of-war.html]
[english.jsalfa.com.ar/games/basketball-stars.html]
[english.jsalfa.com.ar/games/basket-random.html]
[english.jsalfa.com.ar/games/battle-boats.html]
[english.jsalfa.com.ar/games/bike-mania.html]
[english.jsalfa.com.ar/games/bloons-td2.html]
[english.jsalfa.com.ar/games/bonk.html]
[english.jsalfa.com.ar/games/buildroyale.html]
[english.jsalfa.com.ar/games/cat-ninja.html]
[english.jsalfa.com.ar/games/coloron.html]
[english.jsalfa.com.ar/games/combines.html]
[english.jsalfa.com.ar/games/dadish.html]
[english.jsalfa.com.ar/games/dadish-2.html]
[english.jsalfa.com.ar/games/diep.html]
[english.jsalfa.com.ar/games/fireboy-and-watergirl-forest-temple.html]
[english.jsalfa.com.ar/games/fnaf.html]
[english.jsalfa.com.ar/games/fnaf2.html]
[english.jsalfa.com.ar/games/fnaf3.html]
[english.jsalfa.com.ar/games/fnaf4.html]
[english.jsalfa.com.ar/games/fnafsisterlocation.html]
[english.jsalfa.com.ar/games/fnafworld.html]
[english.jsalfa.com.ar/games/fortnite.html]
[english.jsalfa.com.ar/games/geometry-dash.html]
[english.jsalfa.com.ar/games/giant-hamster-run.html]
[english.jsalfa.com.ar/games/gun-mayhem-2.html]
[english.jsalfa.com.ar/games/jetpack-joyride.html]
[english.jsalfa.com.ar/games/kirka.html]
[english.jsalfa.com.ar/games/krew.html]
[english.jsalfa.com.ar/games/krunker.html]
[english.jsalfa.com.ar/games/moto-x3m.html]
[english.jsalfa.com.ar/games/people-playground.html]
[english.jsalfa.com.ar/games/pizza-tower.html]
[english.jsalfa.com.ar/games/pokemon-stadium-2.html]
[english.jsalfa.com.ar/games/repuls.html]
[english.jsalfa.com.ar/games/rooftop-snipers.html]
[english.jsalfa.com.ar/games/run-3.html]
[english.jsalfa.com.ar/games/slope.html]
[english.jsalfa.com.ar/games/slope-2.html]
[english.jsalfa.com.ar/games/sonic-1.html]
[english.jsalfa.com.ar/games/sonic-original.html]
[english.jsalfa.com.ar/games/subway-surfers.html]
[english.jsalfa.com.ar/games/super-mario-64.html]
[english.jsalfa.com.ar/games/tanuki-sunset.html]
[english.jsalfa.com.ar/games/tf2.html]
[english.jsalfa.com.ar/games/temple-run-2.html]
[english.jsalfa.com.ar/games/tube-jumpers.html]
[english.jsalfa.com.ar/games/vex-3.html]
[english.jsalfa.com.ar/games/vex-4.html]
[english.jsalfa.com.ar/games/vex-5.html]
[english.jsalfa.com.ar/games/wings.html]
[english.jsalfa.com.ar/games/zombs-royale.html]
[english.jsalfa.com.ar/gamesfbeb.html]
[english.jsalfa.com.ar/games/a-dark-room.html]
[english.jsalfa.com.ar/games/crossy-road.html]
[english.jsalfa.com.ar/games/donut-boy.html]
[english.jsalfa.com.ar/games/doodle-jump.html]
[english.jsalfa.com.ar/games/ducklife1.html]
[english.jsalfa.com.ar/games/ducklife2.html]
[english.jsalfa.com.ar/games/ducklife3-evolution.html]
[english.jsalfa.com.ar/games/ducklife4.html]
[english.jsalfa.com.ar/games/feedvid-live.html]
[english.jsalfa.com.ar/games/mope.html]
[english.jsalfa.com.ar/games/portal.html]
[english.jsalfa.com.ar/games/portal-2.html]
[english.jsalfa.com.ar/games/riddle-school.html]
[english.jsalfa.com.ar/games/riddle-school-2.html]
[english.jsalfa.com.ar/games/riddle-school-3.html]
[english.jsalfa.com.ar/games/riddle-school-4.html]
[english.jsalfa.com.ar/games/riddle-school-5.html]
[english.jsalfa.com.ar/games/chroma.html]
[english.jsalfa.com.ar/gamesd5ca.html]
[english.jsalfa.com.ar/games/2048.html]
[english.jsalfa.com.ar/games/agar.html]
[english.jsalfa.com.ar/games/bloxorz.html]
[english.jsalfa.com.ar/games/bow-man.html]
[english.jsalfa.com.ar/games/chess.html]
[english.jsalfa.com.ar/games/dinogame.html]
[english.jsalfa.com.ar/games/college-2048.html]
[english.jsalfa.com.ar/games/connect-4.html]
[english.jsalfa.com.ar/games/gameoflife.html]
[english.jsalfa.com.ar/games/cookie-clicker.html]
[english.jsalfa.com.ar/games/core-ball.html]
[english.jsalfa.com.ar/games/cupcake-2048.html]
[english.jsalfa.com.ar/games/elastic-man.html]
[english.jsalfa.com.ar/games/frogger.html]
[english.jsalfa.com.ar/games/fruit-ninja.html]
[english.jsalfa.com.ar/games/idle-breakout.html]
[english.jsalfa.com.ar/games/jklm.html]
[english.jsalfa.com.ar/games/learn-to-fly.html]
[english.jsalfa.com.ar/games/ovo.html]
[english.jsalfa.com.ar/games/papas-pizzeria.html]
[english.jsalfa.com.ar/games/retro-bowl.html]
[english.jsalfa.com.ar/games/soccer-random.html]
[english.jsalfa.com.ar/games/solitaire.html]
[english.jsalfa.com.ar/games/stack.html]
[english.jsalfa.com.ar/games/swing-monkey.html]
[english.jsalfa.com.ar/games/tetris.html]
[english.jsalfa.com.ar/games/there-is-no-game.html]
[english.jsalfa.com.ar/games/tiny-fishing.html]
[english.jsalfa.com.ar/games/typing-test.html]
[english.jsalfa.com.ar/games/universal-paperclips.html]
[english.jsalfa.com.ar/games/wordle.html]
[english.jsalfa.com.ar/games9b8e.html]
[english.jsalfa.com.ar/games/ball-dodge.html]
[english.jsalfa.com.ar/games/factory-balls.html]
[english.jsalfa.com.ar/games/fnf-vs-ex.html]
[english.jsalfa.com.ar/games/impossible-quiz.html]
[english.jsalfa.com.ar/games/packabunchas.html]
[english.jsalfa.com.ar/games/sparebeat.html]
[english.jsalfa.com.ar/games/worlds-hardest-game.html]
[english.jsalfa.com.ar/games/xx142-b2exe.html]
[english.jsalfa.com.ar/gamescd2b.html]
[english.jsalfa.com.ar/games2b6e.html]
[english.jsalfa.com.ar/games/crazy-taxi.html]
[english.jsalfa.com.ar/games/drift-hunters.html]
[english.jsalfa.com.ar/games23c8.html]
[english.jsalfa.com.ar/games/bitlife.html]
[english.jsalfa.com.ar/games8ec7.html]
[english.jsalfa.com.ar/gamesc48c.html]
[english.jsalfa.com.ar/games/kopanito-all-stars-soccer.html]
[english.jsalfa.com.ar/gamesabab.html]
[english.jsalfa.com.ar/games/a-dance-of-fire-and-ice.html]
[english.jsalfa.com.ar/games/breaklock.html]
[english.jsalfa.com.ar/games/cubefield.html]
[english.jsalfa.com.ar/search.html]
[english.jsalfa.com.ar/about.html]
[english.jsalfa.com.ar/legal/terms-of-service.html]
[english.jsalfa.com.ar/legal/privacy-policy.html]
[english.jsalfa.com.ar/legal/dmca.html]
[english.jsalfa.com.ar/games/geforce-now.html]
[english.jsalfa.com.ar/signup.html]
